// Jest Snapshot v1, https://goo.gl/fbAQLP

exports[`enchant map: dragon pendant 1`] = `
Map {
  "Подвеска Дракона Ур.1" => Object {
    "cost": "Лак Дракона",
    "item": "Подвеска Дракона Ур.1",
    "results": Array [
      Object {
        "chance": 100,
        "item": "Подвеска Дракона Ур.1 +1",
      },
      Object {
        "chance": 0,
        "item": "Подвеска Дракона Ур.1",
      },
    ],
  },
  "Подвеска Дракона Ур.1 +1" => Object {
    "cost": "Лак Дракона",
    "item": "Подвеска Дракона Ур.1 +1",
    "results": Array [
      Object {
        "chance": 90,
        "item": "Подвеска Дракона Ур.1 +2",
      },
      Object {
        "chance": 10,
        "item": "Подвеска Дракона Ур.1",
      },
    ],
  },
  "Подвеска Дракона Ур.1 +2" => Object {
    "cost": "Лак Дракона",
    "item": "Подвеска Дракона Ур.1 +2",
    "results": Array [
      Object {
        "chance": 80,
        "item": "Подвеска Дракона Ур.1 +3",
      },
      Object {
        "chance": 20,
        "item": "Подвеска Дракона Ур.1",
      },
    ],
  },
  "Подвеска Дракона Ур.1 +3" => Object {
    "cost": "Лак Дракона",
    "item": "Подвеска Дракона Ур.1 +3",
    "results": Array [
      Object {
        "chance": 70,
        "item": "Подвеска Дракона Ур.1 +4",
      },
      Object {
        "chance": 30,
        "item": "Подвеска Дракона Ур.1",
      },
    ],
  },
  "Подвеска Дракона Ур.1 +4" => Object {
    "cost": "Лак Дракона",
    "item": "Подвеска Дракона Ур.1 +4",
    "results": Array [
      Object {
        "chance": 70,
        "item": "Подвеска Дракона Ур.1 +5",
      },
      Object {
        "chance": 30,
        "item": "Подвеска Дракона Ур.1",
      },
    ],
  },
  "Подвеска Дракона Ур.1 +5" => Object {
    "cost": Map {
      "Адена" => 12000000,
    },
    "item": "Подвеска Дракона Ур.1 +5",
    "results": Array [
      Object {
        "chance": 100,
        "item": "Подвеска Дракона Ур.2",
      },
    ],
  },
  "Подвеска Дракона Ур.2" => Object {
    "cost": "Лак Дракона",
    "item": "Подвеска Дракона Ур.2",
    "results": Array [
      Object {
        "chance": 100,
        "item": "Подвеска Дракона Ур.2 +1",
      },
      Object {
        "chance": 0,
        "item": "Подвеска Дракона Ур.2",
      },
    ],
  },
  "Подвеска Дракона Ур.2 +1" => Object {
    "cost": "Лак Дракона",
    "item": "Подвеска Дракона Ур.2 +1",
    "results": Array [
      Object {
        "chance": 80,
        "item": "Подвеска Дракона Ур.2 +2",
      },
      Object {
        "chance": 20,
        "item": "Подвеска Дракона Ур.2",
      },
    ],
  },
  "Подвеска Дракона Ур.2 +2" => Object {
    "cost": "Лак Дракона",
    "item": "Подвеска Дракона Ур.2 +2",
    "results": Array [
      Object {
        "chance": 70,
        "item": "Подвеска Дракона Ур.2 +3",
      },
      Object {
        "chance": 30,
        "item": "Подвеска Дракона Ур.2",
      },
    ],
  },
  "Подвеска Дракона Ур.2 +3" => Object {
    "cost": "Лак Дракона",
    "item": "Подвеска Дракона Ур.2 +3",
    "results": Array [
      Object {
        "chance": 60,
        "item": "Подвеска Дракона Ур.2 +4",
      },
      Object {
        "chance": 40,
        "item": "Подвеска Дракона Ур.2",
      },
    ],
  },
  "Подвеска Дракона Ур.2 +4" => Object {
    "cost": "Лак Дракона",
    "item": "Подвеска Дракона Ур.2 +4",
    "results": Array [
      Object {
        "chance": 30,
        "item": "Подвеска Дракона Ур.2 +5",
      },
      Object {
        "chance": 70,
        "item": "Подвеска Дракона Ур.2",
      },
    ],
  },
  "Подвеска Дракона Ур.2 +5" => Object {
    "cost": Map {
      "Адена" => 16000000,
      "Лак Дракона" => 3,
    },
    "item": "Подвеска Дракона Ур.2 +5",
    "results": Array [
      Object {
        "chance": 100,
        "item": "Подвеска Дракона Ур.3",
      },
    ],
  },
  "Подвеска Дракона Ур.3" => Object {
    "cost": "Лак Дракона",
    "item": "Подвеска Дракона Ур.3",
    "results": Array [
      Object {
        "chance": 70,
        "item": "Подвеска Дракона Ур.3 +1",
      },
      Object {
        "chance": 30,
        "item": "Подвеска Дракона Ур.3",
      },
    ],
  },
  "Подвеска Дракона Ур.3 +1" => Object {
    "cost": "Лак Дракона",
    "item": "Подвеска Дракона Ур.3 +1",
    "results": Array [
      Object {
        "chance": 50,
        "item": "Подвеска Дракона Ур.3 +2",
      },
      Object {
        "chance": 50,
        "item": "Подвеска Дракона Ур.3",
      },
    ],
  },
  "Подвеска Дракона Ур.3 +2" => Object {
    "cost": "Лак Дракона",
    "item": "Подвеска Дракона Ур.3 +2",
    "results": Array [
      Object {
        "chance": 30,
        "item": "Подвеска Дракона Ур.3 +3",
      },
      Object {
        "chance": 70,
        "item": "Подвеска Дракона Ур.3",
      },
    ],
  },
  "Подвеска Дракона Ур.3 +3" => Object {
    "cost": "Лак Дракона",
    "item": "Подвеска Дракона Ур.3 +3",
    "results": Array [
      Object {
        "chance": 12,
        "item": "Подвеска Дракона Ур.3 +4",
      },
      Object {
        "chance": 88,
        "item": "Подвеска Дракона Ур.3",
      },
    ],
  },
  "Подвеска Дракона Ур.3 +4" => Object {
    "cost": "Лак Дракона",
    "item": "Подвеска Дракона Ур.3 +4",
    "results": Array [
      Object {
        "chance": 5,
        "item": "Подвеска Дракона Ур.3 +5",
      },
      Object {
        "chance": 95,
        "item": "Подвеска Дракона Ур.3",
      },
    ],
  },
}
`;
