// Jest Snapshot v1, https://goo.gl/fbAQLP

exports[`enchant map: event chocolate 1`] = `
Map {
  "Шоколадная Фигурка Ур.1" => Object {
    "cost": "Шоколад",
    "item": "Шоколадная Фигурка Ур.1",
    "results": Array [
      Object {
        "chance": 65,
        "item": "Шоколадная Фигурка Ур.2",
      },
      Object {
        "chance": 35,
        "item": "Шоколадная Фигурка Ур.1",
      },
    ],
  },
  "Шоколадная Фигурка Ур.2" => Object {
    "cost": "Шоколад",
    "item": "Шоколадная Фигурка Ур.2",
    "results": Array [
      Object {
        "chance": 45,
        "item": "Шоколадная Фигурка Ур.3",
      },
      Object {
        "chance": 55,
        "item": "Шоколадная Фигурка Ур.1",
      },
    ],
  },
  "Шоколадная Фигурка Ур.3" => Object {
    "cost": "Шоколад",
    "item": "Шоколадная Фигурка Ур.3",
    "results": Array [
      Object {
        "chance": 40,
        "item": "Шоколадная Фигурка Ур.4",
      },
      Object {
        "chance": 60,
        "item": "Шоколадная Фигурка Ур.1",
      },
    ],
  },
  "Шоколадная Фигурка Ур.4" => Object {
    "cost": "Шоколад",
    "item": "Шоколадная Фигурка Ур.4",
    "results": Array [
      Object {
        "chance": 35,
        "item": "Шоколадная Фигурка Ур.5",
      },
      Object {
        "chance": 65,
        "item": "Шоколадная Фигурка Ур.1",
      },
    ],
  },
  "Шоколадная Фигурка Ур.5" => Object {
    "cost": "Шоколад",
    "item": "Шоколадная Фигурка Ур.5",
    "results": Array [
      Object {
        "chance": 30,
        "item": "Шоколадная Фигурка Ур.6",
      },
      Object {
        "chance": 70,
        "item": "Шоколадная Фигурка Ур.1",
      },
    ],
  },
  "Шоколадная Фигурка Ур.6" => Object {
    "cost": "Шоколад",
    "item": "Шоколадная Фигурка Ур.6",
    "results": Array [
      Object {
        "chance": 45,
        "item": "Шоколадная Фигурка Ур.7",
      },
      Object {
        "chance": 55,
        "item": "Шоколадная Фигурка Ур.6",
      },
    ],
  },
  "Шоколадная Фигурка Ур.7" => Object {
    "cost": "Шоколад",
    "item": "Шоколадная Фигурка Ур.7",
    "results": Array [
      Object {
        "chance": 38,
        "item": "Шоколадная Фигурка Ур.8",
      },
      Object {
        "chance": 62,
        "item": "Шоколадная Фигурка Ур.6",
      },
    ],
  },
  "Шоколадная Фигурка Ур.8" => Object {
    "cost": "Шоколад",
    "item": "Шоколадная Фигурка Ур.8",
    "results": Array [
      Object {
        "chance": 33,
        "item": "Шоколадная Фигурка Ур.9",
      },
      Object {
        "chance": 67,
        "item": "Шоколадная Фигурка Ур.6",
      },
    ],
  },
  "Шоколадная Фигурка Ур.9" => Object {
    "cost": "Шоколад",
    "item": "Шоколадная Фигурка Ур.9",
    "results": Array [
      Object {
        "chance": 28,
        "item": "Шоколадная Фигурка Ур.10",
      },
      Object {
        "chance": 72,
        "item": "Шоколадная Фигурка Ур.6",
      },
    ],
  },
  "Шоколадная Фигурка Ур.10" => Object {
    "cost": "Шоколад",
    "item": "Шоколадная Фигурка Ур.10",
    "results": Array [
      Object {
        "chance": 20,
        "item": "Шоколадная Фигурка Ур.11",
      },
      Object {
        "chance": 80,
        "item": "Шоколадная Фигурка Ур.6",
      },
    ],
  },
  "Шоколадная Фигурка Ур.11" => Object {
    "cost": "Шоколад",
    "item": "Шоколадная Фигурка Ур.11",
    "results": Array [
      Object {
        "chance": 28,
        "item": "Шоколадная Фигурка Ур.12",
      },
      Object {
        "chance": 72,
        "item": "Шоколадная Фигурка Ур.11",
      },
    ],
  },
  "Шоколадная Фигурка Ур.12" => Object {
    "cost": "Шоколад",
    "item": "Шоколадная Фигурка Ур.12",
    "results": Array [
      Object {
        "chance": 18,
        "item": "Шоколадная Фигурка Ур.13",
      },
      Object {
        "chance": 82,
        "item": "Шоколадная Фигурка Ур.11",
      },
    ],
  },
  "Шоколадная Фигурка Ур.13" => Object {
    "cost": "Шоколад",
    "item": "Шоколадная Фигурка Ур.13",
    "results": Array [
      Object {
        "chance": 12,
        "item": "Шоколадная Фигурка Ур.14",
      },
      Object {
        "chance": 88,
        "item": "Шоколадная Фигурка Ур.11",
      },
    ],
  },
  "Шоколадная Фигурка Ур.14" => Object {
    "cost": "Шоколад",
    "item": "Шоколадная Фигурка Ур.14",
    "results": Array [
      Object {
        "chance": 7,
        "item": "Шоколадная Фигурка Ур.15",
      },
      Object {
        "chance": 93,
        "item": "Шоколадная Фигурка Ур.11",
      },
    ],
  },
}
`;
