// Jest Snapshot v1, https://goo.gl/fbAQLP

exports[`enchant map: growth rune 1`] = `
Map {
  "Руна Развития Ур.1" => Object {
    "cost": "Фрагмент Руны Развития",
    "item": "Руна Развития Ур.1",
    "results": Array [
      Object {
        "chance": 70,
        "item": "Руна Развития Ур.2",
      },
      Object {
        "chance": 30,
        "item": "Руна Развития Ур.1",
      },
    ],
  },
  "Руна Развития Ур.2" => Object {
    "cost": "Фрагмент Руны Развития",
    "item": "Руна Развития Ур.2",
    "results": Array [
      Object {
        "chance": 60,
        "item": "Руна Развития Ур.3",
      },
      Object {
        "chance": 40,
        "item": "Руна Развития Ур.1",
      },
    ],
  },
  "Руна Развития Ур.3" => Object {
    "cost": "Фрагмент Руны Развития",
    "item": "Руна Развития Ур.3",
    "results": Array [
      Object {
        "chance": 50,
        "item": "Руна Развития Ур.4",
      },
      Object {
        "chance": 50,
        "item": "Руна Развития Ур.1",
      },
    ],
  },
  "Руна Развития Ур.4" => Object {
    "cost": "Фрагмент Руны Развития",
    "item": "Руна Развития Ур.4",
    "results": Array [
      Object {
        "chance": 40,
        "item": "Руна Развития Ур.5",
      },
      Object {
        "chance": 60,
        "item": "Руна Развития Ур.1",
      },
    ],
  },
  "Руна Развития Ур.5" => Object {
    "cost": "Фрагмент Руны Развития",
    "item": "Руна Развития Ур.5",
    "results": Array [
      Object {
        "chance": 30,
        "item": "Руна Развития Ур.6",
      },
      Object {
        "chance": 70,
        "item": "Руна Развития Ур.1",
      },
    ],
  },
  "Руна Развития Ур.6" => Object {
    "cost": "Фрагмент Руны Развития",
    "item": "Руна Развития Ур.6",
    "results": Array [
      Object {
        "chance": 50,
        "item": "Руна Развития Ур.7",
      },
      Object {
        "chance": 50,
        "item": "Руна Развития Ур.6",
      },
    ],
  },
  "Руна Развития Ур.7" => Object {
    "cost": "Фрагмент Руны Развития",
    "item": "Руна Развития Ур.7",
    "results": Array [
      Object {
        "chance": 40,
        "item": "Руна Развития Ур.8",
      },
      Object {
        "chance": 60,
        "item": "Руна Развития Ур.6",
      },
    ],
  },
  "Руна Развития Ур.8" => Object {
    "cost": "Фрагмент Руны Развития",
    "item": "Руна Развития Ур.8",
    "results": Array [
      Object {
        "chance": 30,
        "item": "Руна Развития Ур.9",
      },
      Object {
        "chance": 70,
        "item": "Руна Развития Ур.6",
      },
    ],
  },
  "Руна Развития Ур.9" => Object {
    "cost": "Фрагмент Руны Развития",
    "item": "Руна Развития Ур.9",
    "results": Array [
      Object {
        "chance": 20,
        "item": "Руна Развития Ур.10",
      },
      Object {
        "chance": 80,
        "item": "Руна Развития Ур.6",
      },
    ],
  },
  "Руна Развития Ур.10" => Object {
    "cost": "Фрагмент Руны Развития",
    "item": "Руна Развития Ур.10",
    "results": Array [
      Object {
        "chance": 20,
        "item": "Руна Развития Ур.11",
      },
      Object {
        "chance": 80,
        "item": "Руна Развития Ур.6",
      },
    ],
  },
  "Руна Развития Ур.11" => Object {
    "cost": "Фрагмент Руны Развития",
    "item": "Руна Развития Ур.11",
    "results": Array [
      Object {
        "chance": 30,
        "item": "Руна Развития Ур.12",
      },
      Object {
        "chance": 70,
        "item": "Руна Развития Ур.11",
      },
    ],
  },
  "Руна Развития Ур.12" => Object {
    "cost": "Фрагмент Руны Развития",
    "item": "Руна Развития Ур.12",
    "results": Array [
      Object {
        "chance": 20,
        "item": "Руна Развития Ур.13",
      },
      Object {
        "chance": 80,
        "item": "Руна Развития Ур.11",
      },
    ],
  },
  "Руна Развития Ур.13" => Object {
    "cost": "Фрагмент Руны Развития",
    "item": "Руна Развития Ур.13",
    "results": Array [
      Object {
        "chance": 15,
        "item": "Руна Развития Ур.14",
      },
      Object {
        "chance": 85,
        "item": "Руна Развития Ур.11",
      },
    ],
  },
  "Руна Развития Ур.14" => Object {
    "cost": "Фрагмент Руны Развития",
    "item": "Руна Развития Ур.14",
    "results": Array [
      Object {
        "chance": 10,
        "item": "Руна Развития Ур.15",
      },
      Object {
        "chance": 90,
        "item": "Руна Развития Ур.11",
      },
    ],
  },
}
`;
