// Jest Snapshot v1, https://goo.gl/fbAQLP

exports[`enchant map: ignis necklace 1`] = `
Map {
  "Ожерелье Игниса" => Object {
    "cost": "Благословенный Лак Духов",
    "item": "Ожерелье Игниса",
    "results": Array [
      Object {
        "chance": 50,
        "item": "Ожерелье Игниса +1",
      },
      Object {
        "chance": 50,
        "item": "Ожерелье Игниса",
      },
    ],
  },
  "Ожерелье Игниса +1" => Object {
    "cost": "Благословенный Лак Духов",
    "item": "Ожерелье Игниса +1",
    "results": Array [
      Object {
        "chance": 50,
        "item": "Ожерелье Игниса +2",
      },
      Object {
        "chance": 50,
        "item": "Ожерелье Игниса",
      },
    ],
  },
  "Ожерелье Игниса +2" => Object {
    "cost": "Благословенный Лак Духов",
    "item": "Ожерелье Игниса +2",
    "results": Array [
      Object {
        "chance": 40,
        "item": "Ожерелье Игниса +3",
      },
      Object {
        "chance": 60,
        "item": "Ожерелье Игниса",
      },
    ],
  },
  "Ожерелье Игниса +3" => Object {
    "cost": "Благословенный Лак Духов",
    "item": "Ожерелье Игниса +3",
    "results": Array [
      Object {
        "chance": 40,
        "item": "Ожерелье Игниса +4",
      },
      Object {
        "chance": 60,
        "item": "Ожерелье Игниса",
      },
    ],
  },
  "Ожерелье Игниса +4" => Object {
    "cost": "Благословенный Лак Духов",
    "item": "Ожерелье Игниса +4",
    "results": Array [
      Object {
        "chance": 30,
        "item": "Ожерелье Игниса +5",
      },
      Object {
        "chance": 70,
        "item": "Ожерелье Игниса",
      },
    ],
  },
  "Ожерелье Игниса +5" => Object {
    "cost": "Благословенный Лак Духов",
    "item": "Ожерелье Игниса +5",
    "results": Array [
      Object {
        "chance": 30,
        "item": "Ожерелье Игниса +6",
      },
      Object {
        "chance": 70,
        "item": "Ожерелье Игниса",
      },
    ],
  },
  "Ожерелье Игниса +6" => Object {
    "cost": "Благословенный Лак Духов",
    "item": "Ожерелье Игниса +6",
    "results": Array [
      Object {
        "chance": 20,
        "item": "Ожерелье Игниса +7",
      },
      Object {
        "chance": 80,
        "item": "Ожерелье Игниса",
      },
    ],
  },
  "Ожерелье Игниса +7" => Object {
    "cost": "Благословенный Лак Духов",
    "item": "Ожерелье Игниса +7",
    "results": Array [
      Object {
        "chance": 10,
        "item": "Ожерелье Игниса +8",
      },
      Object {
        "chance": 90,
        "item": "Ожерелье Игниса",
      },
    ],
  },
  "Ожерелье Игниса +8" => Object {
    "cost": "Благословенный Лак Духов",
    "item": "Ожерелье Игниса +8",
    "results": Array [
      Object {
        "chance": 3,
        "item": "Ожерелье Игниса +9",
      },
      Object {
        "chance": 97,
        "item": "Ожерелье Игниса",
      },
    ],
  },
  "Ожерелье Игниса +9" => Object {
    "cost": "Благословенный Лак Духов",
    "item": "Ожерелье Игниса +9",
    "results": Array [
      Object {
        "chance": 1,
        "item": "Ожерелье Игниса +10",
      },
      Object {
        "chance": 99,
        "item": "Ожерелье Игниса",
      },
    ],
  },
}
`;
