// Jest Snapshot v1, https://goo.gl/fbAQLP

exports[`enchant map: ruby superior 1`] = `
Map {
  "Рубин Исключительного Качества Ур.1" => Object {
    "cost": "Энергия Самоцвета",
    "item": "Рубин Исключительного Качества Ур.1",
    "results": Array [
      Object {
        "chance": 30,
        "item": "Рубин Исключительного Качества Ур.2",
      },
      Object {
        "chance": 70,
        "item": "Рубин Исключительного Качества Ур.1",
      },
    ],
  },
  "Рубин Исключительного Качества Ур.2" => Object {
    "cost": "Энергия Самоцвета",
    "item": "Рубин Исключительного Качества Ур.2",
    "results": Array [
      Object {
        "chance": 30,
        "item": "Рубин Исключительного Качества Ур.3",
      },
      Object {
        "chance": 70,
        "item": "Рубин Исключительного Качества Ур.1",
      },
    ],
  },
  "Рубин Исключительного Качества Ур.3" => Object {
    "cost": "Энергия Самоцвета",
    "item": "Рубин Исключительного Качества Ур.3",
    "results": Array [
      Object {
        "chance": 20,
        "item": "Рубин Исключительного Качества Ур.4",
      },
      Object {
        "chance": 80,
        "item": "Рубин Исключительного Качества Ур.1",
      },
    ],
  },
  "Рубин Исключительного Качества Ур.4" => Object {
    "cost": "Энергия Самоцвета",
    "item": "Рубин Исключительного Качества Ур.4",
    "results": Array [
      Object {
        "chance": 10,
        "item": "Рубин Исключительного Качества Ур.5",
      },
      Object {
        "chance": 90,
        "item": "Рубин Исключительного Качества Ур.1",
      },
    ],
  },
}
`;
