// Jest Snapshot v1, https://goo.gl/fbAQLP

exports[`enchant map: talisman of eva 1`] = `
Map {
  "Талисман Евы" => Object {
    "cost": "Nothing",
    "item": "Талисман Евы",
    "results": Array [
      Object {
        "chance": 60,
        "item": "Талисман Евы +1",
      },
      Object {
        "chance": 40,
        "item": "Nothing",
      },
    ],
  },
  "Талисман Евы +1" => Object {
    "cost": "Nothing",
    "item": "Талисман Евы +1",
    "results": Array [
      Object {
        "chance": 50,
        "item": "Талисман Евы +2",
      },
      Object {
        "chance": 50,
        "item": "Nothing",
      },
    ],
  },
  "Талисман Евы +2" => Object {
    "cost": "Nothing",
    "item": "Талисман Евы +2",
    "results": Array [
      Object {
        "chance": 40,
        "item": "Талисман Евы +3",
      },
      Object {
        "chance": 60,
        "item": "Nothing",
      },
    ],
  },
  "Талисман Евы +3" => Object {
    "cost": "Nothing",
    "item": "Талисман Евы +3",
    "results": Array [
      Object {
        "chance": 35,
        "item": "Талисман Евы +4",
      },
      Object {
        "chance": 65,
        "item": "Nothing",
      },
    ],
  },
  "Талисман Евы +4" => Object {
    "cost": "Nothing",
    "item": "Талисман Евы +4",
    "results": Array [
      Object {
        "chance": 30,
        "item": "Талисман Евы +5",
      },
      Object {
        "chance": 70,
        "item": "Nothing",
      },
    ],
  },
  "Талисман Евы +5" => Object {
    "cost": "Nothing",
    "item": "Талисман Евы +5",
    "results": Array [
      Object {
        "chance": 28,
        "item": "Талисман Евы +6",
      },
      Object {
        "chance": 72,
        "item": "Nothing",
      },
    ],
  },
  "Талисман Евы +6" => Object {
    "cost": "Nothing",
    "item": "Талисман Евы +6",
    "results": Array [
      Object {
        "chance": 26,
        "item": "Талисман Евы +7",
      },
      Object {
        "chance": 74,
        "item": "Nothing",
      },
    ],
  },
  "Талисман Евы +7" => Object {
    "cost": "Nothing",
    "item": "Талисман Евы +7",
    "results": Array [
      Object {
        "chance": 24,
        "item": "Талисман Евы +8",
      },
      Object {
        "chance": 76,
        "item": "Nothing",
      },
    ],
  },
  "Талисман Евы +8" => Object {
    "cost": "Nothing",
    "item": "Талисман Евы +8",
    "results": Array [
      Object {
        "chance": 22,
        "item": "Талисман Евы +9",
      },
      Object {
        "chance": 78,
        "item": "Nothing",
      },
    ],
  },
  "Талисман Евы +9" => Object {
    "cost": "Nothing",
    "item": "Талисман Евы +9",
    "results": Array [
      Object {
        "chance": 20,
        "item": "Талисман Евы +10",
      },
      Object {
        "chance": 80,
        "item": "Nothing",
      },
    ],
  },
}
`;
