// Jest Snapshot v1, https://goo.gl/fbAQLP

exports[`enchant map: talisman of authority 1`] = `
Map {
  "Талисман Властителя Ур.1" => Object {
    "cost": "Осколок Талисмана Властителя",
    "item": "Талисман Властителя Ур.1",
    "results": Array [
      Object {
        "chance": 70,
        "item": "Талисман Властителя Ур.2",
      },
      Object {
        "chance": 30,
        "item": "Талисман Властителя Ур.1",
      },
    ],
  },
  "Талисман Властителя Ур.2" => Object {
    "cost": "Осколок Талисмана Властителя",
    "item": "Талисман Властителя Ур.2",
    "results": Array [
      Object {
        "chance": 60,
        "item": "Талисман Властителя Ур.3",
      },
      Object {
        "chance": 40,
        "item": "Талисман Властителя Ур.1",
      },
    ],
  },
  "Талисман Властителя Ур.3" => Object {
    "cost": "Осколок Талисмана Властителя",
    "item": "Талисман Властителя Ур.3",
    "results": Array [
      Object {
        "chance": 50,
        "item": "Талисман Властителя Ур.4",
      },
      Object {
        "chance": 50,
        "item": "Талисман Властителя Ур.1",
      },
    ],
  },
  "Талисман Властителя Ур.4" => Object {
    "cost": "Осколок Талисмана Властителя",
    "item": "Талисман Властителя Ур.4",
    "results": Array [
      Object {
        "chance": 40,
        "item": "Талисман Властителя Ур.5",
      },
      Object {
        "chance": 60,
        "item": "Талисман Властителя Ур.1",
      },
    ],
  },
  "Талисман Властителя Ур.5" => Object {
    "cost": "Осколок Талисмана Властителя",
    "item": "Талисман Властителя Ур.5",
    "results": Array [
      Object {
        "chance": 50,
        "item": "Талисман Властителя Ур.6",
      },
      Object {
        "chance": 50,
        "item": "Талисман Властителя Ур.1",
      },
    ],
  },
  "Талисман Властителя Ур.6" => Object {
    "cost": "Осколок Талисмана Властителя",
    "item": "Талисман Властителя Ур.6",
    "results": Array [
      Object {
        "chance": 60,
        "item": "Талисман Властителя Ур.7",
      },
      Object {
        "chance": 40,
        "item": "Талисман Властителя Ур.6",
      },
    ],
  },
  "Талисман Властителя Ур.7" => Object {
    "cost": "Осколок Талисмана Властителя",
    "item": "Талисман Властителя Ур.7",
    "results": Array [
      Object {
        "chance": 50,
        "item": "Талисман Властителя Ур.8",
      },
      Object {
        "chance": 50,
        "item": "Талисман Властителя Ур.6",
      },
    ],
  },
  "Талисман Властителя Ур.8" => Object {
    "cost": "Осколок Талисмана Властителя",
    "item": "Талисман Властителя Ур.8",
    "results": Array [
      Object {
        "chance": 40,
        "item": "Талисман Властителя Ур.9",
      },
      Object {
        "chance": 60,
        "item": "Талисман Властителя Ур.6",
      },
    ],
  },
  "Талисман Властителя Ур.9" => Object {
    "cost": "Осколок Талисмана Властителя",
    "item": "Талисман Властителя Ур.9",
    "results": Array [
      Object {
        "chance": 30,
        "item": "Талисман Властителя Ур.10",
      },
      Object {
        "chance": 70,
        "item": "Талисман Властителя Ур.6",
      },
    ],
  },
  "Талисман Властителя Ур.10" => Object {
    "cost": "Осколок Талисмана Властителя",
    "item": "Талисман Властителя Ур.10",
    "results": Array [
      Object {
        "chance": 50,
        "item": "Талисман Властителя Ур.11",
      },
      Object {
        "chance": 50,
        "item": "Талисман Властителя Ур.6",
      },
    ],
  },
  "Талисман Властителя Ур.11" => Object {
    "cost": "Осколок Талисмана Властителя",
    "item": "Талисман Властителя Ур.11",
    "results": Array [
      Object {
        "chance": 30,
        "item": "Талисман Властителя Ур.12",
      },
      Object {
        "chance": 70,
        "item": "Талисман Властителя Ур.11",
      },
    ],
  },
  "Талисман Властителя Ур.12" => Object {
    "cost": "Осколок Талисмана Властителя",
    "item": "Талисман Властителя Ур.12",
    "results": Array [
      Object {
        "chance": 25,
        "item": "Талисман Властителя Ур.13",
      },
      Object {
        "chance": 75,
        "item": "Талисман Властителя Ур.11",
      },
    ],
  },
  "Талисман Властителя Ур.13" => Object {
    "cost": "Осколок Талисмана Властителя",
    "item": "Талисман Властителя Ур.13",
    "results": Array [
      Object {
        "chance": 20,
        "item": "Талисман Властителя Ур.14",
      },
      Object {
        "chance": 80,
        "item": "Талисман Властителя Ур.11",
      },
    ],
  },
  "Талисман Властителя Ур.14" => Object {
    "cost": "Осколок Талисмана Властителя",
    "item": "Талисман Властителя Ур.14",
    "results": Array [
      Object {
        "chance": 10,
        "item": "Талисман Властителя Ур.15",
      },
      Object {
        "chance": 90,
        "item": "Талисман Властителя Ур.11",
      },
    ],
  },
  "Талисман Властителя Ур.15" => Object {
    "cost": "Осколок Талисмана Властителя",
    "item": "Талисман Властителя Ур.15",
    "results": Array [
      Object {
        "chance": 50,
        "item": "Талисман Властителя Ур.16",
      },
      Object {
        "chance": 50,
        "item": "Талисман Властителя Ур.11",
      },
    ],
  },
  "Талисман Властителя Ур.16" => Object {
    "cost": "Осколок Талисмана Властителя",
    "item": "Талисман Властителя Ур.16",
    "results": Array [
      Object {
        "chance": 25,
        "item": "Талисман Властителя Ур.17",
      },
      Object {
        "chance": 75,
        "item": "Талисман Властителя Ур.16",
      },
    ],
  },
  "Талисман Властителя Ур.17" => Object {
    "cost": "Осколок Талисмана Властителя",
    "item": "Талисман Властителя Ур.17",
    "results": Array [
      Object {
        "chance": 20,
        "item": "Талисман Властителя Ур.18",
      },
      Object {
        "chance": 80,
        "item": "Талисман Властителя Ур.16",
      },
    ],
  },
  "Талисман Властителя Ур.18" => Object {
    "cost": "Осколок Талисмана Властителя",
    "item": "Талисман Властителя Ур.18",
    "results": Array [
      Object {
        "chance": 15,
        "item": "Талисман Властителя Ур.19",
      },
      Object {
        "chance": 85,
        "item": "Талисман Властителя Ур.16",
      },
    ],
  },
  "Талисман Властителя Ур.19" => Object {
    "cost": "Осколок Талисмана Властителя",
    "item": "Талисман Властителя Ур.19",
    "results": Array [
      Object {
        "chance": 10,
        "item": "Талисман Властителя Ур.20",
      },
      Object {
        "chance": 90,
        "item": "Талисман Властителя Ур.16",
      },
    ],
  },
}
`;
