// Jest Snapshot v1, https://goo.gl/fbAQLP

exports[`enchant map: talisman of insolence 1`] = `
Map {
  "Талисман Дерзости Ур.1" => Object {
    "cost": Map {
      "Камень Стихий" => 40,
      "Энергия Дерзости" => 2,
      "Кристалл для Талисмана" => 30,
    },
    "item": "Талисман Дерзости Ур.1",
    "results": Array [
      Object {
        "chance": 20,
        "item": "Талисман Дерзости Ур.1",
      },
      Object {
        "chance": 80,
        "item": "Талисман Дерзости Ур.2",
      },
    ],
  },
  "Талисман Дерзости Ур.2" => Object {
    "cost": Map {
      "Камень Стихий" => 100,
      "Энергия Дерзости" => 3,
      "Кристалл для Талисмана" => 45,
    },
    "item": "Талисман Дерзости Ур.2",
    "results": Array [
      Object {
        "chance": 40,
        "item": "Талисман Дерзости Ур.2",
      },
      Object {
        "chance": 60,
        "item": "Талисман Дерзости Ур.3",
      },
    ],
  },
  "Талисман Дерзости Ур.3" => Object {
    "cost": Map {
      "Камень Стихий" => 100,
      "Энергия Дерзости" => 4,
      "Кристалл для Талисмана" => 70,
    },
    "item": "Талисман Дерзости Ур.3",
    "results": Array [
      Object {
        "chance": 10,
        "item": "Талисман Дерзости Ур.2",
      },
      Object {
        "chance": 40,
        "item": "Талисман Дерзости Ур.4",
      },
      Object {
        "chance": 50,
        "item": "Талисман Дерзости Ур.3",
      },
    ],
  },
  "Талисман Дерзости Ур.4" => Object {
    "cost": Map {
      "Камень Стихий" => 200,
      "Энергия Дерзости" => 5,
      "Кристалл для Талисмана" => 100,
    },
    "item": "Талисман Дерзости Ур.4",
    "results": Array [
      Object {
        "chance": 10,
        "item": "Талисман Дерзости Ур.5",
      },
      Object {
        "chance": 40,
        "item": "Талисман Дерзости Ур.3",
      },
      Object {
        "chance": 50,
        "item": "Талисман Дерзости Ур.4",
      },
    ],
  },
  "Талисман Дерзости Ур.5" => Object {
    "cost": Map {
      "Кристалл: Ранг B" => 5000,
    },
    "item": "Талисман Дерзости Ур.5",
    "results": Array [
      Object {
        "chance": 100,
        "item": "Талисман Дерзости Ур.6",
      },
    ],
  },
}
`;
